g_chase.c: dropped 18 base / 17 theirs lines | ''
g_ai.c: dropped 75 base / 75 theirs lines | 'qboolean M_CheckAttack(edict_t *self)'
g_cmds.c: dropped 8 base / 8 theirs lines | ''
g_monster.c: dropped 74 base / 74 theirs lines | '//FIXME mosnters should call these with a totally accurate direction'
g_monster.c: dropped 188 base / 188 theirs lines | ''
g_weapon.c: dropped 3 base / 0 theirs lines | 'fire_hit'
p_hud.c: dropped 14 base / 14 theirs lines | 'return;'
g_ai.c: dropped 75 base / 75 theirs lines | 'bool M_CheckAttack(edict_t *self)'
g_monster.c: dropped 74 base / 74 theirs lines | '//FIXME mosnters should call these with a totally accurate direction'
g_monster.c: dropped 32 base / 32 theirs lines | 'void M_FliesOff(edict_t *self)'
g_weapon.c: dropped 3 base / 0 theirs lines | 'fire_hit'
p_weapon.c: dropped 5 base / 5 theirs lines | 'if (!((int)dmflags->value & DF_INFINITE_AMMO))'
g_ai.c: dropped 75 base / 75 theirs lines | 'bool M_CheckAttack(edict_t *self)'
g_monster.c: dropped 188 base / 188 theirs lines | ''
g_monster.c: dropped 32 base / 32 theirs lines | 'void M_FliesOff(edict_t *self)'
g_monster.c: dropped 88 base / 17 theirs lines | 'void M_SetEffects(edict_t *ent)'
g_monster.c: dropped 41 base / 21 theirs lines | 'void monster_triggered_spawn(edict_t *self)'
g_monster.c: dropped 188 base / 188 theirs lines | ''
g_monster.c: dropped 88 base / 17 theirs lines | 'void M_SetEffects(edict_t *ent)'
g_monster.c: dropped 41 base / 21 theirs lines | 'void monster_triggered_spawn(edict_t *self)'
g_monster.c: dropped 188 base / 188 theirs lines | ''
p_weapon.c: dropped 5 base / 5 theirs lines | 'if (!((int)dmflags->value & DF_INFINITE_AMMO))'
g_ai.c: dropped 75 base / 75 theirs lines | 'bool M_CheckAttack(edict_t *self)'
g_monster.c: dropped 32 base / 32 theirs lines | 'void M_FliesOff(edict_t *self)'
g_monster.c: dropped 188 base / 188 theirs lines | ''
g_items.c: dropped 10 base / 5 theirs lines | 'if (coop->value && (strcmp(ent->classname, "key_power_cube") == 0)) {'
g_monster.c: dropped 88 base / 17 theirs lines | 'void M_SetEffects(edict_t *ent)'
g_cmds.c: dropped 8 base / 8 theirs lines | ''
g_monster.c: dropped 188 base / 184 theirs lines | ''
g_weapon.c: dropped 3 base / 0 theirs lines | 'fire_hit'
p_hud.c: dropped 46 base / 46 theirs lines | '// print level name and exit rules'
g_monster.c: dropped 184 base / 183 theirs lines | ''
g_ai.c: dropped 75 base / 74 theirs lines | 'bool M_CheckAttack(edict_t *self)'
g_monster.c: dropped 40 base / 20 theirs lines | 'void monster_triggered_spawn(edict_t *self)'
g_cmds.c: dropped 31 base / 31 theirs lines | 'void Cmd_PlayerList_f(edict_t *ent)'
g_cmds.c: dropped 31 base / 31 theirs lines | 'void Cmd_PlayerList_f(edict_t *ent)'
g_monster.c: dropped 85 base / 17 theirs lines | 'void M_SetEffects(edict_t *ent)'
g_monster.c: dropped 39 base / 19 theirs lines | 'void monster_triggered_spawn(edict_t *self)'
g_monster.c: dropped 182 base / 182 theirs lines | 'bool monster_start(edict_t *self)'
